
> screenshotchecker@0.0.1 build
> astro build

15:41:58 [content] Syncing content
15:41:58 [content] Synced content
15:41:58 [types] Generated 238ms
15:41:58 [build] output: "static"
15:41:58 [build] mode: "static"
15:41:58 [build] directory: D:\screenshotchecker\dist\
15:41:58 [build] Collecting build info...
15:41:58 [build] ✓ Completed in 262ms.
15:41:58 [build] Building static entrypoints...
15:41:58 [vite] ✓ built in 373ms
15:41:58 [WARN] [vite] [plugin builtin:vite-reporter] 
(!) Some chunks are larger than 500 kB after minification. Consider:
- Using dynamic import() to code-split the application
- Use build.rolldownOptions.output.codeSplitting to improve chunking: https://rolldown.rs/reference/OutputOptions.codeSplitting
- Adjust chunk size limit for this warning via build.chunkSizeWarningLimit.
15:41:58 [vite] ✓ built in 252ms
15:41:58 [build] Rearranging server assets...

 generating static routes 
15:41:58   ├─ /404.html (+7ms) 
15:41:58   ├─ /500.html (+2ms) 
15:41:58   ├─ /about/index.html (+2ms) 
15:41:58   ├─ /ai-image-detector/index.html (+4ms) 
15:41:58   ├─ /blog/screenshot-checker-online/index.html (+2ms) 
15:41:58   ├─ /blog/screenshot-analyzer-online/index.html (+1ms) 
15:41:58   ├─ /blog/fake-upi-payment-screenshot/index.html (+1ms) 
15:41:58   ├─ /blog/ai-image-detector-online/index.html (+1ms) 
15:41:58   ├─ /blog/exif-metadata/index.html (+1ms) 
15:41:58   ├─ /blog/smishing-fake-sms/index.html (+1ms) 
15:41:58   ├─ /blog/suspicious-link-checker-online/index.html (+1ms) 
15:41:58   ├─ /blog/index.html (+2ms) 
15:41:58   ├─ /contact/index.html (+2ms) 
15:41:58   ├─ /image-manipulation-checker/index.html (+2ms) 
15:41:58   ├─ /image-metadata-remover/index.html (+3ms) 
15:41:58   ├─ /payment-screenshot-checker/index.html (+3ms) 
15:41:58   ├─ /privacy/index.html (+2ms) 
15:41:58   ├─ /resources/index.html (+2ms) 
15:41:58   ├─ /screenshot-analyzer/index.html (+4ms) 
15:41:58   ├─ /screenshot-comparison/index.html (+2ms) 
15:41:58   ├─ /screenshot-metadata-checker/index.html (+2ms) 
15:41:58   ├─ /screenshot-ocr/index.html (+2ms) 
15:41:58   ├─ /screenshot-privacy-checker/index.html (+3ms) 
15:41:58   ├─ /screenshot-redactor/index.html (+2ms) 
15:41:58   ├─ /screenshot-scam-checker/index.html (+2ms) 
15:41:58   ├─ /screenshot-spam-checker/index.html (+2ms) 
15:41:58   ├─ /sitemap.xml (+1ms) 
15:41:58   ├─ /suspicious-link-checker/index.html (+2ms) 
15:41:58   ├─ /terms/index.html (+2ms) 
15:41:58   ├─ /tools/index.html (+2ms) 
15:41:58   ├─ /index.html (+2ms) 
15:41:58 ✓ Completed in 85ms.

15:41:58 [build] ✓ Completed in 732ms.
15:41:58 [@astrojs/sitemap] `sitemap-index.xml` created at `dist`
15:41:58 [build] 30 page(s) built in 1.02s
15:41:58 [build] Complete!
