
> screenshotchecker@0.0.1 build
> astro build

15:38:36 [vite] Re-optimizing dependencies because vite config has changed
15:38:36 [content] Syncing content
15:38:36 [content] Synced content
15:38:36 [types] Generated 265ms
15:38:36 [build] output: "static"
15:38:36 [build] mode: "static"
15:38:36 [build] directory: D:\screenshotchecker\dist\
15:38:36 [build] Collecting build info...
15:38:36 [build] ✓ Completed in 290ms.
15:38:36 [build] Building static entrypoints...
15:38:37 [vite] ✓ built in 372ms
15:38:37 [WARN] [vite] [plugin builtin:vite-reporter] 
(!) Some chunks are larger than 500 kB after minification. Consider:
- Using dynamic import() to code-split the application
- Use build.rolldownOptions.output.codeSplitting to improve chunking: https://rolldown.rs/reference/OutputOptions.codeSplitting
- Adjust chunk size limit for this warning via build.chunkSizeWarningLimit.
15:38:37 [vite] ✓ built in 253ms
15:38:37 [build] Rearranging server assets...

 generating static routes 
15:38:37   ├─ /404.html (+7ms) 
15:38:37   ├─ /500.html (+2ms) 
15:38:37   ├─ /about/index.html (+2ms) 
15:38:37   ├─ /ai-image-detector/index.html (+4ms) 
15:38:37   ├─ /blog/screenshot-checker-online/index.html (+3ms) 
15:38:37   ├─ /blog/screenshot-analyzer-online/index.html (+1ms) 
15:38:37   ├─ /blog/fake-upi-payment-screenshot/index.html (+1ms) 
15:38:37   ├─ /blog/ai-image-detector-online/index.html (+1ms) 
15:38:37   ├─ /blog/exif-metadata/index.html (+1ms) 
15:38:37   ├─ /blog/smishing-fake-sms/index.html (+1ms) 
15:38:37   ├─ /blog/suspicious-link-checker-online/index.html (+1ms) 
15:38:37   ├─ /blog/index.html (+2ms) 
15:38:37   ├─ /contact/index.html (+2ms) 
15:38:37   ├─ /image-manipulation-checker/index.html (+2ms) 
15:38:37   ├─ /image-metadata-remover/index.html (+3ms) 
15:38:37   ├─ /payment-screenshot-checker/index.html (+3ms) 
15:38:37   ├─ /privacy/index.html (+2ms) 
15:38:37   ├─ /resources/index.html (+2ms) 
15:38:37   ├─ /screenshot-analyzer/index.html (+4ms) 
15:38:37   ├─ /screenshot-comparison/index.html (+2ms) 
15:38:37   ├─ /screenshot-metadata-checker/index.html (+2ms) 
15:38:37   ├─ /screenshot-ocr/index.html (+2ms) 
15:38:37   ├─ /screenshot-privacy-checker/index.html (+3ms) 
15:38:37   ├─ /screenshot-redactor/index.html (+2ms) 
15:38:37   ├─ /screenshot-scam-checker/index.html (+2ms) 
15:38:37   ├─ /screenshot-spam-checker/index.html (+2ms) 
15:38:37   ├─ /sitemap.xml (+1ms) 
15:38:37   ├─ /suspicious-link-checker/index.html (+2ms) 
15:38:37   ├─ /terms/index.html (+2ms) 
15:38:37   ├─ /tools/index.html (+2ms) 
15:38:37   ├─ /index.html (+2ms) 
15:38:37 ✓ Completed in 84ms.

15:38:37 [build] ✓ Completed in 731ms.
15:38:37 [@astrojs/sitemap] `sitemap-index.xml` created at `dist`
15:38:37 [build] 30 page(s) built in 1.05s
15:38:37 [build] Complete!
