
> screenshotchecker@0.0.1 build
> astro build

16:08:36 [content] Syncing content
16:08:36 [content] Synced content
16:08:36 [types] Generated 235ms
16:08:36 [build] output: "static"
16:08:36 [build] mode: "static"
16:08:36 [build] directory: D:\screenshotchecker\dist\
16:08:36 [build] Collecting build info...
16:08:36 [build] ✓ Completed in 262ms.
16:08:36 [build] Building static entrypoints...
16:08:37 [vite] ✓ built in 400ms
16:08:37 [WARN] [vite] [plugin builtin:vite-reporter] 
(!) Some chunks are larger than 500 kB after minification. Consider:
- Using dynamic import() to code-split the application
- Use build.rolldownOptions.output.codeSplitting to improve chunking: https://rolldown.rs/reference/OutputOptions.codeSplitting
- Adjust chunk size limit for this warning via build.chunkSizeWarningLimit.
16:08:37 [vite] ✓ built in 257ms
16:08:37 [build] Rearranging server assets...

 generating static routes 
16:08:37   ├─ /404.html (+6ms) 
16:08:37   ├─ /500.html (+2ms) 
16:08:37   ├─ /about/index.html (+2ms) 
16:08:37   ├─ /ai-image-detector/index.html (+4ms) 
16:08:37   ├─ /blog/screenshot-checker-online/index.html (+3ms) 
16:08:37   ├─ /blog/screenshot-analyzer-online/index.html (+1ms) 
16:08:37   ├─ /blog/fake-upi-payment-screenshot/index.html (+2ms) 
16:08:37   ├─ /blog/ai-image-detector-online/index.html (+2ms) 
16:08:37   ├─ /blog/exif-metadata/index.html (+1ms) 
16:08:37   ├─ /blog/smishing-fake-sms/index.html (+1ms) 
16:08:37   ├─ /blog/suspicious-link-checker-online/index.html (+1ms) 
16:08:37   ├─ /blog/index.html (+2ms) 
16:08:37   ├─ /contact/index.html (+2ms) 
16:08:37   ├─ /image-manipulation-checker/index.html (+2ms) 
16:08:37   ├─ /image-metadata-remover/index.html (+3ms) 
16:08:37   ├─ /payment-screenshot-checker/index.html (+4ms) 
16:08:37   ├─ /privacy/index.html (+2ms) 
16:08:37   ├─ /resources/index.html (+2ms) 
16:08:37   ├─ /screenshot-analyzer/index.html (+3ms) 
16:08:37   ├─ /screenshot-comparison/index.html (+2ms) 
16:08:37   ├─ /screenshot-detector/index.html (+2ms) 
16:08:37   ├─ /screenshot-metadata-checker/index.html (+2ms) 
16:08:37   ├─ /screenshot-ocr/index.html (+2ms) 
16:08:37   ├─ /screenshot-privacy-checker/index.html (+3ms) 
16:08:37   ├─ /screenshot-redactor/index.html (+2ms) 
16:08:37   ├─ /screenshot-scam-checker/index.html (+2ms) 
16:08:37   ├─ /screenshot-spam-checker/index.html (+3ms) 
16:08:37   ├─ /sitemap.xml (+1ms) 
16:08:37   ├─ /suspicious-link-checker/index.html (+2ms) 
16:08:37   ├─ /terms/index.html (+2ms) 
16:08:37   ├─ /tools/index.html (+2ms) 
16:08:37   ├─ /index.html (+2ms) 
16:08:37 ✓ Completed in 87ms.

16:08:37 [build] ✓ Completed in 768ms.
16:08:37 [@astrojs/sitemap] `sitemap-index.xml` created at `dist`
16:08:37 [build] 31 page(s) built in 1.05s
16:08:37 [build] Complete!
