
> screenshotchecker@0.0.1 build
> astro build

15:36:30 [content] Syncing content
15:36:30 [content] Synced content
15:36:30 [types] Generated 257ms
15:36:30 [build] output: "static"
15:36:30 [build] mode: "static"
15:36:30 [build] directory: D:\screenshotchecker\dist\
15:36:30 [build] Collecting build info...
15:36:30 [build] ✓ Completed in 286ms.
15:36:30 [build] Building static entrypoints...
15:36:31 [vite] ✓ built in 406ms
15:36:31 [WARN] [vite] [plugin builtin:vite-reporter] 
(!) Some chunks are larger than 500 kB after minification. Consider:
- Using dynamic import() to code-split the application
- Use build.rolldownOptions.output.codeSplitting to improve chunking: https://rolldown.rs/reference/OutputOptions.codeSplitting
- Adjust chunk size limit for this warning via build.chunkSizeWarningLimit.
15:36:31 [vite] ✓ built in 266ms
15:36:31 [build] Rearranging server assets...

 generating static routes 
15:36:31   ├─ /404.html (+7ms) 
15:36:31   ├─ /500.html (+2ms) 
15:36:31   ├─ /about/index.html (+2ms) 
15:36:31   ├─ /ai-image-detector/index.html (+4ms) 
15:36:31   ├─ /blog/screenshot-checker-online/index.html (+3ms) 
15:36:31   ├─ /blog/screenshot-analyzer-online/index.html (+2ms) 
15:36:31   ├─ /blog/fake-upi-payment-screenshot/index.html (+2ms) 
15:36:31   ├─ /blog/ai-image-detector-online/index.html (+1ms) 
15:36:31   ├─ /blog/exif-metadata/index.html (+1ms) 
15:36:31   ├─ /blog/smishing-fake-sms/index.html (+1ms) 
15:36:31   ├─ /blog/suspicious-link-checker-online/index.html (+1ms) 
15:36:31   ├─ /blog/index.html (+2ms) 
15:36:31   ├─ /contact/index.html (+2ms) 
15:36:31   ├─ /image-manipulation-checker/index.html (+2ms) 
15:36:31   ├─ /image-metadata-remover/index.html (+3ms) 
15:36:31   ├─ /payment-screenshot-checker/index.html (+4ms) 
15:36:31   ├─ /privacy/index.html (+2ms) 
15:36:31   ├─ /resources/index.html (+2ms) 
15:36:31   ├─ /reverse-image-search/index.html (+2ms) 
15:36:31   ├─ /screenshot-analyzer/index.html (+4ms) 
15:36:31   ├─ /screenshot-comparison/index.html (+2ms) 
15:36:31   ├─ /screenshot-detector/index.html (+2ms) 
15:36:31   ├─ /screenshot-metadata-checker/index.html (+2ms) 
15:36:31   ├─ /screenshot-ocr/index.html (+2ms) 
15:36:31   ├─ /screenshot-privacy-checker/index.html (+3ms) 
15:36:31   ├─ /screenshot-redactor/index.html (+2ms) 
15:36:31   ├─ /screenshot-scam-checker/index.html (+2ms) 
15:36:31   ├─ /screenshot-spam-checker/index.html (+2ms) 
15:36:31   ├─ /sitemap.xml (+1ms) 
15:36:31   ├─ /suspicious-link-checker/index.html (+3ms) 
15:36:31   ├─ /terms/index.html (+2ms) 
15:36:31   ├─ /tools/index.html (+2ms) 
15:36:31   ├─ /index.html (+2ms) 
15:36:31 ✓ Completed in 95ms.

15:36:31 [build] ✓ Completed in 792ms.
15:36:31 [@astrojs/sitemap] `sitemap-index.xml` created at `dist`
15:36:31 [build] 32 page(s) built in 1.10s
15:36:31 [build] Complete!
