
> screenshotchecker@0.0.1 build
> astro build

09:46:13 [content] Syncing content
09:46:13 [content] Synced content
09:46:13 [types] Generated 349ms
09:46:13 [build] output: "static"
09:46:13 [build] mode: "static"
09:46:13 [build] directory: D:\screenshotchecker\dist\
09:46:13 [build] Collecting build info...
09:46:13 [build] ✓ Completed in 396ms.
09:46:13 [build] Building static entrypoints...
09:46:14 [vite] ✓ built in 621ms
09:46:14 [WARN] [vite] [plugin builtin:vite-reporter] 
(!) Some chunks are larger than 500 kB after minification. Consider:
- Using dynamic import() to code-split the application
- Use build.rolldownOptions.output.codeSplitting to improve chunking: https://rolldown.rs/reference/OutputOptions.codeSplitting
- Adjust chunk size limit for this warning via build.chunkSizeWarningLimit.
09:46:14 [vite] ✓ built in 471ms
09:46:14 [build] Rearranging server assets...

 generating static routes 
09:46:14   ├─ /404.html (+7ms) 
09:46:14   ├─ /500.html (+2ms) 
09:46:14   ├─ /about/index.html (+2ms) 
09:46:14   ├─ /ai-image-detector/index.html (+5ms) 
09:46:14   ├─ /blog/screenshot-checker-online/index.html (+2ms) 
09:46:14   ├─ /blog/screenshot-analyzer-online/index.html (+1ms) 
09:46:14   ├─ /blog/fake-upi-payment-screenshot/index.html (+2ms) 
09:46:14   ├─ /blog/ai-image-detector-online/index.html (+1ms) 
09:46:14   ├─ /blog/exif-metadata/index.html (+1ms) 
09:46:14   ├─ /blog/smishing-fake-sms/index.html (+1ms) 
09:46:14   ├─ /blog/suspicious-link-checker-online/index.html (+1ms) 
09:46:14   ├─ /blog/index.html (+2ms) 
09:46:14   ├─ /contact/index.html (+2ms) 
09:46:14   ├─ /image-manipulation-checker/index.html (+2ms) 
09:46:14   ├─ /image-metadata-remover/index.html (+2ms) 
09:46:14   ├─ /payment-screenshot-checker/index.html (+3ms) 
09:46:14   ├─ /privacy/index.html (+2ms) 
09:46:14   ├─ /resources/index.html (+1ms) 
09:46:14   ├─ /reverse-image-search/index.html (+2ms) 
09:46:14   ├─ /screenshot-analyzer/index.html (+4ms) 
09:46:14   ├─ /screenshot-comparison/index.html (+2ms) 
09:46:14   ├─ /screenshot-detector/index.html (+2ms) 
09:46:14   ├─ /screenshot-metadata-checker/index.html (+2ms) 
09:46:14   ├─ /screenshot-ocr/index.html (+2ms) 
09:46:14   ├─ /screenshot-privacy-checker/index.html (+3ms) 
09:46:14   ├─ /screenshot-redactor/index.html (+2ms) 
09:46:14   ├─ /screenshot-scam-checker/index.html (+2ms) 
09:46:14   ├─ /screenshot-spam-checker/index.html (+2ms) 
09:46:14   ├─ /sitemap.xml (+2ms) 
09:46:14   ├─ /suspicious-link-checker/index.html (+2ms) 
09:46:14   ├─ /terms/index.html (+2ms) 
09:46:14   ├─ /tools/index.html (+2ms) 
09:46:14   ├─ /index.html (+2ms) 
09:46:14 ✓ Completed in 94ms.

09:46:14 [build] ✓ Completed in 1.22s.
09:46:14 [@astrojs/sitemap] `sitemap-index.xml` created at `dist`
09:46:14 [build] 32 page(s) built in 1.63s
09:46:14 [build] Complete!
