
> screenshotchecker@0.0.1 build
> astro build

15:23:11 [content] Syncing content
15:23:11 [content] Synced content
15:23:11 [types] Generated 248ms
15:23:11 [build] output: "static"
15:23:11 [build] mode: "static"
15:23:11 [build] directory: D:\screenshotchecker\dist\
15:23:11 [build] Collecting build info...
15:23:11 [build] ✓ Completed in 275ms.
15:23:11 [build] Building static entrypoints...
15:23:11 [vite] ✓ built in 389ms
15:23:11 [WARN] [vite] [plugin builtin:vite-reporter] 
(!) Some chunks are larger than 500 kB after minification. Consider:
- Using dynamic import() to code-split the application
- Use build.rolldownOptions.output.codeSplitting to improve chunking: https://rolldown.rs/reference/OutputOptions.codeSplitting
- Adjust chunk size limit for this warning via build.chunkSizeWarningLimit.
15:23:11 [vite] ✓ built in 264ms
15:23:11 [build] Rearranging server assets...

 generating static routes 
15:23:11   ├─ /404.html (+7ms) 
15:23:11   ├─ /500.html (+2ms) 
15:23:11   ├─ /about/index.html (+2ms) 
15:23:11   ├─ /ai-image-detector/index.html (+4ms) 
15:23:11   ├─ /blog/screenshot-checker-online/index.html (+2ms) 
15:23:11   ├─ /blog/screenshot-analyzer-online/index.html (+1ms) 
15:23:11   ├─ /blog/fake-upi-payment-screenshot/index.html (+1ms) 
15:23:11   ├─ /blog/ai-image-detector-online/index.html (+1ms) 
15:23:11   ├─ /blog/exif-metadata/index.html (+1ms) 
15:23:11   ├─ /blog/smishing-fake-sms/index.html (+1ms) 
15:23:11   ├─ /blog/suspicious-link-checker-online/index.html (+1ms) 
15:23:11   ├─ /blog/index.html (+2ms) 
15:23:11   ├─ /contact/index.html (+2ms) 
15:23:11   ├─ /image-manipulation-checker/index.html (+3ms) 
15:23:11   ├─ /image-metadata-remover/index.html (+3ms) 
15:23:11   ├─ /payment-screenshot-checker/index.html (+4ms) 
15:23:11   ├─ /privacy/index.html (+2ms) 
15:23:11   ├─ /resources/index.html (+2ms) 
15:23:11   ├─ /screenshot-analyzer/index.html (+4ms) 
15:23:11   ├─ /screenshot-comparison/index.html (+2ms) 
15:23:11   ├─ /screenshot-metadata-checker/index.html (+2ms) 
15:23:11   ├─ /screenshot-ocr/index.html (+2ms) 
15:23:11   ├─ /screenshot-privacy-checker/index.html (+3ms) 
15:23:11   ├─ /screenshot-redactor/index.html (+2ms) 
15:23:11   ├─ /screenshot-scam-checker/index.html (+2ms) 
15:23:11   ├─ /screenshot-spam-checker/index.html (+2ms) 
15:23:11   ├─ /sitemap.xml (+1ms) 
15:23:11   ├─ /suspicious-link-checker/index.html (+3ms) 
15:23:11   ├─ /terms/index.html (+2ms) 
15:23:11   ├─ /tools/index.html (+2ms) 
15:23:11   ├─ /index.html (+3ms) 
15:23:11 ✓ Completed in 94ms.

15:23:11 [build] ✓ Completed in 771ms.
15:23:11 [@astrojs/sitemap] `sitemap-index.xml` created at `dist`
15:23:11 [build] 30 page(s) built in 1.07s
15:23:11 [build] Complete!
