
> screenshotchecker@0.0.1 build
> astro build

10:03:03 [content] Syncing content
10:03:03 [content] Synced content
10:03:03 [types] Generated 248ms
10:03:03 [build] output: "static"
10:03:03 [build] mode: "static"
10:03:03 [build] directory: D:\screenshotchecker\dist\
10:03:03 [build] Collecting build info...
10:03:03 [build] ✓ Completed in 275ms.
10:03:03 [build] Building static entrypoints...
10:03:03 [vite] ✓ built in 394ms
10:03:04 [WARN] [vite] [plugin builtin:vite-reporter] 
(!) Some chunks are larger than 500 kB after minification. Consider:
- Using dynamic import() to code-split the application
- Use build.rolldownOptions.output.codeSplitting to improve chunking: https://rolldown.rs/reference/OutputOptions.codeSplitting
- Adjust chunk size limit for this warning via build.chunkSizeWarningLimit.
10:03:04 [vite] ✓ built in 258ms
10:03:04 [build] Rearranging server assets...

 generating static routes 
10:03:04   ├─ /404.html (+7ms) 
10:03:04   ├─ /500.html (+2ms) 
10:03:04   ├─ /about/index.html (+2ms) 
10:03:04   ├─ /ai-image-detector/index.html (+4ms) 
10:03:04   ├─ /blog/screenshot-checker-online/index.html (+2ms) 
10:03:04   ├─ /blog/screenshot-analyzer-online/index.html (+1ms) 
10:03:04   ├─ /blog/fake-upi-payment-screenshot/index.html (+2ms) 
10:03:04   ├─ /blog/ai-image-detector-online/index.html (+1ms) 
10:03:04   ├─ /blog/exif-metadata/index.html (+1ms) 
10:03:04   ├─ /blog/smishing-fake-sms/index.html (+1ms) 
10:03:04   ├─ /blog/suspicious-link-checker-online/index.html (+1ms) 
10:03:04   ├─ /blog/index.html (+1ms) 
10:03:04   ├─ /contact/index.html (+2ms) 
10:03:04   ├─ /image-manipulation-checker/index.html (+2ms) 
10:03:04   ├─ /image-metadata-remover/index.html (+3ms) 
10:03:04   ├─ /payment-screenshot-checker/index.html (+3ms) 
10:03:04   ├─ /privacy/index.html (+2ms) 
10:03:04   ├─ /resources/index.html (+1ms) 
10:03:04   ├─ /screenshot-analyzer/index.html (+4ms) 
10:03:04   ├─ /screenshot-comparison/index.html (+2ms) 
10:03:04   ├─ /screenshot-metadata-checker/index.html (+2ms) 
10:03:04   ├─ /screenshot-ocr/index.html (+2ms) 
10:03:04   ├─ /screenshot-privacy-checker/index.html (+3ms) 
10:03:04   ├─ /screenshot-redactor/index.html (+2ms) 
10:03:04   ├─ /screenshot-scam-checker/index.html (+2ms) 
10:03:04   ├─ /screenshot-spam-checker/index.html (+2ms) 
10:03:04   ├─ /sitemap.xml (+1ms) 
10:03:04   ├─ /suspicious-link-checker/index.html (+2ms) 
10:03:04   ├─ /terms/index.html (+2ms) 
10:03:04   ├─ /tools/index.html (+2ms) 
10:03:04   ├─ /index.html (+2ms) 
10:03:04 ✓ Completed in 82ms.

10:03:04 [build] ✓ Completed in 762ms.
10:03:04 [@astrojs/sitemap] `sitemap-index.xml` created at `dist`
10:03:04 [build] 30 page(s) built in 1.06s
10:03:04 [build] Complete!
